// Jest Snapshot v1, https://goo.gl/fbAQLP

exports[`GetOneOnOneHealthSupport.spec should render the UI correctly 1`] = `
{
  "asFragment": [Function],
  "baseElement": <body>
    <div>
      <div
        class="card-main large-section skip-underscore"
      >
        <div
          class="flex flex-col"
        >
          <div
            class="flex flex-row"
          >
            <img
              alt=""
              class="size-10"
              data-nimg="1"
              decoding="async"
              height="40"
              loading="lazy"
              src="/_next/image?url=%2Fimg.jpg&w=96&q=75"
              srcset="/_next/image?url=%2Fimg.jpg&w=48&q=75 1x, /_next/image?url=%2Fimg.jpg&w=96&q=75 2x"
              style="color: transparent;"
              width="40"
            />
            <section
              class="flex justify-start self-start my-health-link"
            >
              <span
                class="rich-text body-1 undefined"
              >
                <div
                  class="flex flex-row body-1 flex-grow md:!flex !block align-top mt-4 ml-2"
                >
                  <a
                    aria-label="Get One-on-One Health Support"
                    href=""
                    style="display: block;"
                  >
                    <button
                      class="flex flex-row link-container link hover:!underline caremark !flex pt-0 pl-0"
                      style="max-width: max-content; height: auto; display: block;"
                      tabindex="-1"
                      type="button"
                    >
                      <p
                        class="link undefined"
                      >
                        Get One-on-One Health Support
                      </p>
                      <p
                        class="ml-1"
                      >
                        <img
                          alt=""
                          data-nimg="1"
                          decoding="async"
                          height="40"
                          loading="lazy"
                          src="/_next/image?url=%2Fimg.jpg&w=96&q=75"
                          srcset="/_next/image?url=%2Fimg.jpg&w=48&q=75 1x, /_next/image?url=%2Fimg.jpg&w=96&q=75 2x"
                          style="color: transparent;"
                          width="40"
                        />
                      </p>
                    </button>
                  </a>
                </div>
              </span>
            </section>
          </div>
          <span
            style="display: block; width: 1px; min-width: 1px; height: 8px; min-height: 8px;"
          />
          <p
            class="body-1 body-1 ml-11"
            style="display: block; max-width: 100%;"
          >
            We offer a health program that’s designed just for you. Whether you need support for healthy living or help with a long- or short-term illness or injury, you can rely on us.
          </p>
        </div>
      </div>
    </div>
  </body>,
  "container": <div>
    <div
      class="card-main large-section skip-underscore"
    >
      <div
        class="flex flex-col"
      >
        <div
          class="flex flex-row"
        >
          <img
            alt=""
            class="size-10"
            data-nimg="1"
            decoding="async"
            height="40"
            loading="lazy"
            src="/_next/image?url=%2Fimg.jpg&w=96&q=75"
            srcset="/_next/image?url=%2Fimg.jpg&w=48&q=75 1x, /_next/image?url=%2Fimg.jpg&w=96&q=75 2x"
            style="color: transparent;"
            width="40"
          />
          <section
            class="flex justify-start self-start my-health-link"
          >
            <span
              class="rich-text body-1 undefined"
            >
              <div
                class="flex flex-row body-1 flex-grow md:!flex !block align-top mt-4 ml-2"
              >
                <a
                  aria-label="Get One-on-One Health Support"
                  href=""
                  style="display: block;"
                >
                  <button
                    class="flex flex-row link-container link hover:!underline caremark !flex pt-0 pl-0"
                    style="max-width: max-content; height: auto; display: block;"
                    tabindex="-1"
                    type="button"
                  >
                    <p
                      class="link undefined"
                    >
                      Get One-on-One Health Support
                    </p>
                    <p
                      class="ml-1"
                    >
                      <img
                        alt=""
                        data-nimg="1"
                        decoding="async"
                        height="40"
                        loading="lazy"
                        src="/_next/image?url=%2Fimg.jpg&w=96&q=75"
                        srcset="/_next/image?url=%2Fimg.jpg&w=48&q=75 1x, /_next/image?url=%2Fimg.jpg&w=96&q=75 2x"
                        style="color: transparent;"
                        width="40"
                      />
                    </p>
                  </button>
                </a>
              </div>
            </span>
          </section>
        </div>
        <span
          style="display: block; width: 1px; min-width: 1px; height: 8px; min-height: 8px;"
        />
        <p
          class="body-1 body-1 ml-11"
          style="display: block; max-width: 100%;"
        >
          We offer a health program that’s designed just for you. Whether you need support for healthy living or help with a long- or short-term illness or injury, you can rely on us.
        </p>
      </div>
    </div>
  </div>,
  "debug": [Function],
  "findAllByAltText": [Function],
  "findAllByDisplayValue": [Function],
  "findAllByLabelText": [Function],
  "findAllByPlaceholderText": [Function],
  "findAllByRole": [Function],
  "findAllByTestId": [Function],
  "findAllByText": [Function],
  "findAllByTitle": [Function],
  "findByAltText": [Function],
  "findByDisplayValue": [Function],
  "findByLabelText": [Function],
  "findByPlaceholderText": [Function],
  "findByRole": [Function],
  "findByTestId": [Function],
  "findByText": [Function],
  "findByTitle": [Function],
  "getAllByAltText": [Function],
  "getAllByDisplayValue": [Function],
  "getAllByLabelText": [Function],
  "getAllByPlaceholderText": [Function],
  "getAllByRole": [Function],
  "getAllByTestId": [Function],
  "getAllByText": [Function],
  "getAllByTitle": [Function],
  "getByAltText": [Function],
  "getByDisplayValue": [Function],
  "getByLabelText": [Function],
  "getByPlaceholderText": [Function],
  "getByRole": [Function],
  "getByTestId": [Function],
  "getByText": [Function],
  "getByTitle": [Function],
  "queryAllByAltText": [Function],
  "queryAllByDisplayValue": [Function],
  "queryAllByLabelText": [Function],
  "queryAllByPlaceholderText": [Function],
  "queryAllByRole": [Function],
  "queryAllByTestId": [Function],
  "queryAllByText": [Function],
  "queryAllByTitle": [Function],
  "queryByAltText": [Function],
  "queryByDisplayValue": [Function],
  "queryByLabelText": [Function],
  "queryByPlaceholderText": [Function],
  "queryByRole": [Function],
  "queryByTestId": [Function],
  "queryByText": [Function],
  "queryByTitle": [Function],
  "rerender": [Function],
  "unmount": [Function],
}
`;
