// Jest Snapshot v1, https://goo.gl/fbAQLP

exports[`ShopOverCounterItemsCard should render the  Biometric UI correctly 1`] = `
{
  "asFragment": [Function],
  "baseElement": <body>
    <div>
      <div
        class="card-main large-section skip-underscore"
      >
        <div
          class="flex flex-col"
        >
          <img
            alt="Shopping Credit Icon"
            class="size-10 block md:hidden"
            data-nimg="1"
            decoding="async"
            height="40"
            loading="lazy"
            src="/_next/image?url=%2Fimg.jpg&w=96&q=75"
            srcset="/_next/image?url=%2Fimg.jpg&w=48&q=75 1x, /_next/image?url=%2Fimg.jpg&w=96&q=75 2x"
            style="color: transparent;"
            width="40"
          />
          <div
            class="flex flex-row"
          >
            <img
              alt="Shopping Credit Icon"
              class="size-10 mt-3 mr-2 hidden md:block"
              data-nimg="1"
              decoding="async"
              height="40"
              loading="lazy"
              src="/_next/image?url=%2Fimg.jpg&w=96&q=75"
              srcset="/_next/image?url=%2Fimg.jpg&w=48&q=75 1x, /_next/image?url=%2Fimg.jpg&w=96&q=75 2x"
              style="color: transparent;"
              width="40"
            />
            <section
              class="flex justify-start self-start my-health-link"
            >
              <span
                class="rich-text body-1 undefined"
              >
                <div
                  class="flex flex-row body-1 flex-grow md:!flex !block align-top mt-4"
                >
                  <a
                    class="!flex pt-0 pl-0 ml-2"
                    href="https://www.shopbcbstotc.com"
                  >
                     
                    <p
                      class="font-bold primary-color"
                    >
                      Shop Over-the-Counter Items
                    </p>
                    <img
                      alt=""
                      class="link flex ml-2"
                      data-nimg="1"
                      decoding="async"
                      height="40"
                      loading="lazy"
                      src="/_next/image?url=%2Fimg.jpg&w=96&q=75"
                      srcset="/_next/image?url=%2Fimg.jpg&w=48&q=75 1x, /_next/image?url=%2Fimg.jpg&w=96&q=75 2x"
                      style="color: transparent;"
                      width="40"
                    />
                  </a>
                </div>
              </span>
            </section>
          </div>
          <p
            class="body-1 body-1 md:ml-14 ml-2"
          >
            You get a quarterly allowance for over-the-counter (OTC) items. You can spend it on things like cold medicine, vitamins and more. And once you set up an account, you can even shop for those items online. Set up or log in to your online account to get OTC items shipped right to your door.
          </p>
        </div>
      </div>
    </div>
  </body>,
  "container": <div>
    <div
      class="card-main large-section skip-underscore"
    >
      <div
        class="flex flex-col"
      >
        <img
          alt="Shopping Credit Icon"
          class="size-10 block md:hidden"
          data-nimg="1"
          decoding="async"
          height="40"
          loading="lazy"
          src="/_next/image?url=%2Fimg.jpg&w=96&q=75"
          srcset="/_next/image?url=%2Fimg.jpg&w=48&q=75 1x, /_next/image?url=%2Fimg.jpg&w=96&q=75 2x"
          style="color: transparent;"
          width="40"
        />
        <div
          class="flex flex-row"
        >
          <img
            alt="Shopping Credit Icon"
            class="size-10 mt-3 mr-2 hidden md:block"
            data-nimg="1"
            decoding="async"
            height="40"
            loading="lazy"
            src="/_next/image?url=%2Fimg.jpg&w=96&q=75"
            srcset="/_next/image?url=%2Fimg.jpg&w=48&q=75 1x, /_next/image?url=%2Fimg.jpg&w=96&q=75 2x"
            style="color: transparent;"
            width="40"
          />
          <section
            class="flex justify-start self-start my-health-link"
          >
            <span
              class="rich-text body-1 undefined"
            >
              <div
                class="flex flex-row body-1 flex-grow md:!flex !block align-top mt-4"
              >
                <a
                  class="!flex pt-0 pl-0 ml-2"
                  href="https://www.shopbcbstotc.com"
                >
                   
                  <p
                    class="font-bold primary-color"
                  >
                    Shop Over-the-Counter Items
                  </p>
                  <img
                    alt=""
                    class="link flex ml-2"
                    data-nimg="1"
                    decoding="async"
                    height="40"
                    loading="lazy"
                    src="/_next/image?url=%2Fimg.jpg&w=96&q=75"
                    srcset="/_next/image?url=%2Fimg.jpg&w=48&q=75 1x, /_next/image?url=%2Fimg.jpg&w=96&q=75 2x"
                    style="color: transparent;"
                    width="40"
                  />
                </a>
              </div>
            </span>
          </section>
        </div>
        <p
          class="body-1 body-1 md:ml-14 ml-2"
        >
          You get a quarterly allowance for over-the-counter (OTC) items. You can spend it on things like cold medicine, vitamins and more. And once you set up an account, you can even shop for those items online. Set up or log in to your online account to get OTC items shipped right to your door.
        </p>
      </div>
    </div>
  </div>,
  "debug": [Function],
  "findAllByAltText": [Function],
  "findAllByDisplayValue": [Function],
  "findAllByLabelText": [Function],
  "findAllByPlaceholderText": [Function],
  "findAllByRole": [Function],
  "findAllByTestId": [Function],
  "findAllByText": [Function],
  "findAllByTitle": [Function],
  "findByAltText": [Function],
  "findByDisplayValue": [Function],
  "findByLabelText": [Function],
  "findByPlaceholderText": [Function],
  "findByRole": [Function],
  "findByTestId": [Function],
  "findByText": [Function],
  "findByTitle": [Function],
  "getAllByAltText": [Function],
  "getAllByDisplayValue": [Function],
  "getAllByLabelText": [Function],
  "getAllByPlaceholderText": [Function],
  "getAllByRole": [Function],
  "getAllByTestId": [Function],
  "getAllByText": [Function],
  "getAllByTitle": [Function],
  "getByAltText": [Function],
  "getByDisplayValue": [Function],
  "getByLabelText": [Function],
  "getByPlaceholderText": [Function],
  "getByRole": [Function],
  "getByTestId": [Function],
  "getByText": [Function],
  "getByTitle": [Function],
  "queryAllByAltText": [Function],
  "queryAllByDisplayValue": [Function],
  "queryAllByLabelText": [Function],
  "queryAllByPlaceholderText": [Function],
  "queryAllByRole": [Function],
  "queryAllByTestId": [Function],
  "queryAllByText": [Function],
  "queryAllByTitle": [Function],
  "queryByAltText": [Function],
  "queryByDisplayValue": [Function],
  "queryByLabelText": [Function],
  "queryByPlaceholderText": [Function],
  "queryByRole": [Function],
  "queryByTestId": [Function],
  "queryByText": [Function],
  "queryByTitle": [Function],
  "rerender": [Function],
  "unmount": [Function],
}
`;
