// Jest Snapshot v1, https://goo.gl/fbAQLP

exports[`Benefits&Coverage should render UI correctly 1`] = `
<body>
  <div>
    <div
      class="card-main small-section w-[672px] "
    >
      <div
        class="flex flex-col"
      >
        <div
          class="flex flex-row"
        >
          <div
            class="mr-2"
          >
            <img
              alt="link"
              data-nimg="1"
              decoding="async"
              height="40"
              loading="lazy"
              src="/_next/image?url=%2Fimg.jpg&w=96&q=75"
              srcset="/_next/image?url=%2Fimg.jpg&w=48&q=75 1x, /_next/image?url=%2Fimg.jpg&w=96&q=75 2x"
              style="color: transparent;"
              width="40"
            />
          </div>
          <p
            class="title-2 mt-2 ml-2"
          >
            Medical
          </p>
        </div>
        <span
          style="display: block; width: 1px; min-width: 1px; height: 16px; min-height: 16px;"
        />
        <div
          class="flex flex-col"
        >
          <section
            class="manage-benefit"
          >
             
            <span
              style="display: block; width: 1px; min-width: 1px; height: 16px; min-height: 16px;"
            />
            <div
              class="flex flex-col p-1 false cursor-pointer link-row-container"
            >
              <div
                class="flex flex-row m-2"
              >
                <p
                  class="link-row-head mr-2"
                  tabindex="0"
                >
                  Preventive Care
                </p>
                <img
                  alt="link"
                  data-nimg="1"
                  decoding="async"
                  height="40"
                  loading="lazy"
                  src="/_next/image?url=%2Fimg.jpg&w=96&q=75"
                  srcset="/_next/image?url=%2Fimg.jpg&w=48&q=75 1x, /_next/image?url=%2Fimg.jpg&w=96&q=75 2x"
                  style="color: transparent;"
                  width="40"
                />
              </div>
              <div
                class="m-2"
              >
                <div
                  class="body-1 flex flex-row"
                />
              </div>
            </div>
            <div
              class=""
              style="width: 100%; height: 1px; background-color: rgb(204, 204, 204);"
            />
          </section>
          <section
            class="manage-benefit"
          >
             
            <span
              style="display: block; width: 1px; min-width: 1px; height: 16px; min-height: 16px;"
            />
            <div
              class="flex flex-col p-1 false cursor-pointer link-row-container"
            >
              <div
                class="flex flex-row m-2"
              >
                <p
                  class="link-row-head mr-2"
                  tabindex="0"
                >
                  Office Visits
                </p>
                <img
                  alt="link"
                  data-nimg="1"
                  decoding="async"
                  height="40"
                  loading="lazy"
                  src="/_next/image?url=%2Fimg.jpg&w=96&q=75"
                  srcset="/_next/image?url=%2Fimg.jpg&w=48&q=75 1x, /_next/image?url=%2Fimg.jpg&w=96&q=75 2x"
                  style="color: transparent;"
                  width="40"
                />
              </div>
              <div
                class="m-2"
              >
                <div
                  class="body-1 flex flex-row"
                />
              </div>
            </div>
          </section>
        </div>
      </div>
    </div>
  </div>
</body>
`;
