// Jest Snapshot v1, https://goo.gl/fbAQLP

exports[`Office Visits Detail should render UI correctly 1`] = `
<body>
  <div>
    <main
      class="flex flex-col justify-center items-center page"
    >
      <div
        class="flex flex-col app-content app-base-font-color"
      >
        <section
          class="flex flex-row items-start app-body"
        >
          <div
            class="flex flex-col flex-grow page-section-63_33 items-stretch"
          >
            <div
              class="flex flex-col app-content app-base-font-color"
            >
              <div
                class="flex flex-col ml-2"
              >
                <div
                  class="flex flex-col title-1"
                >
                  Office Visits
                </div>
                <span
                  style="display: block; width: 1px; min-width: 1px; height: 16px; min-height: 16px;"
                />
                <div
                  class="flex flex-col mb-2"
                >
                  <div
                    class="flex flex-row mb-2"
                  >
                     
                    <p
                      class="body-1 body-1"
                    >
                      Benefit Level 1
                    </p>
                     
                     :  
                    <p
                      class="body-1 body-1"
                    >
                      [Services performed by ...]
                    </p>
                  </div>
                  <div
                    class="flex flex-row mb-2"
                  >
                     
                    <p
                      class="body-1 body-1"
                    >
                      Benefit Level 2
                    </p>
                     
                     :  
                    <p
                      class="body-1 body-1"
                    >
                      [Services performed by ...]
                    </p>
                  </div>
                </div>
              </div>
              <span
                style="display: block; width: 1px; min-width: 1px; height: 16px; min-height: 16px;"
              />
            </div>
          </div>
        </section>
        <section
          class="flex flex-row items-start app-body"
        >
          <div
            class="flex flex-col flex-grow page-section-63_33 items-stretch"
          >
            <div
              class="flex flex-col"
            >
              <div
                class="card-main m-2 mt-4 p-8"
              >
                <div>
                  <div
                    class="flex flex-col flex flex-col"
                  >
                    <div>
                      <div
                        class="flex flex-row mb-2 w-fit"
                      >
                        <p
                          class="body-1 font-bold mr-2"
                        >
                          Benefit Level 1 Office Visit, PCP In-Network:
                        </p>
                      </div>
                      <p
                        class="body-1"
                      >
                        $10 Copay
                      </p>
                    </div>
                  </div>
                  <span
                    style="display: block; width: 1px; min-width: 1px; height: 32px; min-height: 32px;"
                  />
                  <div
                    class="flex flex-col flex flex-col"
                  >
                    <div>
                      <div
                        class="flex flex-row mb-2 w-fit"
                      >
                        <p
                          class="body-1 font-bold mr-2"
                        >
                          Benefit Level 2 Office Visit, PCP In-Network:
                        </p>
                      </div>
                      <p
                        class="body-1"
                      >
                        $30 Copay
                      </p>
                    </div>
                  </div>
                  <span
                    style="display: block; width: 1px; min-width: 1px; height: 32px; min-height: 32px;"
                  />
                  <div
                    class="flex flex-col flex flex-col"
                  >
                    <div>
                      <div
                        class="flex flex-row mb-2 w-fit"
                      >
                        <p
                          class="body-1 font-bold mr-2"
                        >
                          Office Visit, PCP Out-of-Network:
                        </p>
                      </div>
                      <p
                        class="body-1"
                      >
                        40$ Coinsurance after you pay deductible
                      </p>
                    </div>
                  </div>
                </div>
              </div>
              <div
                class="card-main m-2 mt-4 p-8"
              >
                <div>
                  <div
                    class="flex flex-col flex flex-col"
                  >
                    <div>
                      <div
                        class="flex flex-row mb-2 w-fit"
                      >
                        <p
                          class="body-1 font-bold mr-2"
                        >
                          Benefit Level 1 Office Visit, Specialist In-Network:
                        </p>
                      </div>
                      <p
                        class="body-1"
                      >
                        $45 Copay
                      </p>
                    </div>
                  </div>
                  <span
                    style="display: block; width: 1px; min-width: 1px; height: 32px; min-height: 32px;"
                  />
                  <div
                    class="flex flex-col flex flex-col"
                  >
                    <div>
                      <div
                        class="flex flex-row mb-2 w-fit"
                      >
                        <p
                          class="body-1 font-bold mr-2"
                        >
                          Benefit Level 2 Office Visit, Specialist In-Network:
                        </p>
                      </div>
                      <p
                        class="body-1"
                      >
                        $45 Copay
                      </p>
                    </div>
                  </div>
                  <span
                    style="display: block; width: 1px; min-width: 1px; height: 32px; min-height: 32px;"
                  />
                  <div
                    class="flex flex-col flex flex-col"
                  >
                    <div>
                      <div
                        class="flex flex-row mb-2 w-fit"
                      >
                        <p
                          class="body-1 font-bold mr-2"
                        >
                          Office Visit, Specialist Out-of-Network:
                        </p>
                      </div>
                      <p
                        class="body-1"
                      >
                        40% Coinsurance after you pay deductible
                      </p>
                    </div>
                  </div>
                </div>
              </div>
              <div
                class="card-main m-2 mt-4 p-8"
              >
                <div>
                  <div
                    class="flex flex-col flex flex-col"
                  >
                    <div>
                      <div
                        class="flex flex-row mb-2 w-fit"
                      >
                        <p
                          class="body-1 font-bold mr-2"
                        >
                          Benefit Level 1 Office Surgery, PCP In-Network:
                        </p>
                      </div>
                      <p
                        class="body-1"
                      >
                        $10 Copay
                      </p>
                    </div>
                  </div>
                  <span
                    style="display: block; width: 1px; min-width: 1px; height: 32px; min-height: 32px;"
                  />
                  <div
                    class="flex flex-col flex flex-col"
                  >
                    <div>
                      <div
                        class="flex flex-row mb-2 w-fit"
                      >
                        <p
                          class="body-1 font-bold mr-2"
                        >
                          Benefit Level 2 Office Surgery, PCP In-Network:
                        </p>
                      </div>
                      <p
                        class="body-1"
                      >
                        $45 Copay
                      </p>
                    </div>
                  </div>
                  <span
                    style="display: block; width: 1px; min-width: 1px; height: 32px; min-height: 32px;"
                  />
                  <div
                    class="flex flex-col flex flex-col"
                  >
                    <div>
                      <div
                        class="flex flex-row mb-2 w-fit"
                      >
                        <p
                          class="body-1 font-bold mr-2"
                        >
                          Office Surgery, PCP Out-of-Network:
                        </p>
                      </div>
                      <p
                        class="body-1"
                      >
                        40% Coinsurance after you pay deductible
                      </p>
                    </div>
                  </div>
                </div>
              </div>
              <div
                class="card-main m-2 mt-4 p-8"
              >
                <div>
                  <div
                    class="flex flex-col flex flex-col"
                  >
                    <div>
                      <div
                        class="flex flex-row mb-2 w-fit"
                      >
                        <p
                          class="body-1 font-bold mr-2"
                        >
                          Benefit Level 1 Office Surgery, Specialist In-Network:
                        </p>
                      </div>
                      <p
                        class="body-1"
                      >
                        $45 Copay
                      </p>
                    </div>
                  </div>
                  <span
                    style="display: block; width: 1px; min-width: 1px; height: 32px; min-height: 32px;"
                  />
                  <div
                    class="flex flex-col flex flex-col"
                  >
                    <div>
                      <div
                        class="flex flex-row mb-2 w-fit"
                      >
                        <p
                          class="body-1 font-bold mr-2"
                        >
                          Benefit Level 2 Office Surgery, Specialist In-Network:
                        </p>
                      </div>
                      <p
                        class="body-1"
                      >
                        $45 Copay
                      </p>
                    </div>
                  </div>
                  <span
                    style="display: block; width: 1px; min-width: 1px; height: 32px; min-height: 32px;"
                  />
                  <div
                    class="flex flex-col flex flex-col"
                  >
                    <div>
                      <div
                        class="flex flex-row mb-2 w-fit"
                      >
                        <p
                          class="body-1 font-bold mr-2"
                        >
                          Office Surgery, Specialist Out-of-Network:
                        </p>
                      </div>
                      <p
                        class="body-1"
                      >
                        40% Coinsurance after you pay deductible
                      </p>
                    </div>
                  </div>
                </div>
              </div>
              <div
                class="card-main m-2 mt-4 p-8"
              >
                <div>
                  <div
                    class="flex flex-col flex flex-col"
                  >
                    <div>
                      <div
                        class="flex flex-row mb-2 w-fit"
                      >
                        <p
                          class="body-1 font-bold mr-2"
                        >
                          Benefit Level 1 Routine Diagnostic Services, Office In-Network:
                        </p>
                      </div>
                      <p
                        class="body-1"
                      >
                        $0 Copay
                      </p>
                    </div>
                  </div>
                  <span
                    style="display: block; width: 1px; min-width: 1px; height: 32px; min-height: 32px;"
                  />
                  <div
                    class="flex flex-col flex flex-col"
                  >
                    <div>
                      <div
                        class="flex flex-row mb-2 w-fit"
                      >
                        <p
                          class="body-1 font-bold mr-2"
                        >
                          Benefit Level 2 Routine Diagnostic Services, Office In-Network:
                        </p>
                      </div>
                      <p
                        class="body-1"
                      >
                        $0 Copay
                      </p>
                    </div>
                  </div>
                  <span
                    style="display: block; width: 1px; min-width: 1px; height: 32px; min-height: 32px;"
                  />
                  <div
                    class="flex flex-col flex flex-col"
                  >
                    <div>
                      <div
                        class="flex flex-row mb-2 w-fit"
                      >
                        <p
                          class="body-1 font-bold mr-2"
                        >
                          Routine Diagnostic Services, Office Out-of-Network:
                        </p>
                      </div>
                      <p
                        class="body-1"
                      >
                        40% Coinsurance after you pay deductible
                      </p>
                    </div>
                  </div>
                </div>
              </div>
              <div
                class="card-main m-2 mt-4 p-8"
              >
                <div>
                  <div
                    class="flex flex-col flex flex-col"
                  >
                    <div>
                      <div
                        class="flex flex-row mb-2 w-fit"
                      >
                        <p
                          class="body-1 font-bold mr-2"
                        >
                          Benefit Level 1 Teladoc Health General Medical In-Network:
                        </p>
                      </div>
                      <p
                        class="body-1"
                      >
                        $15 Copay
                      </p>
                    </div>
                  </div>
                  <span
                    style="display: block; width: 1px; min-width: 1px; height: 32px; min-height: 32px;"
                  />
                  <div
                    class="flex flex-col flex flex-col"
                  >
                    <div>
                      <div
                        class="flex flex-row mb-2 w-fit"
                      >
                        <p
                          class="body-1 font-bold mr-2"
                        >
                          Benefit Level 2 Teladoc Health General Medical In-Network:
                        </p>
                      </div>
                      <p
                        class="body-1"
                      >
                        $15 Copay
                      </p>
                    </div>
                  </div>
                </div>
              </div>
              <div
                class="card-main m-2 mt-4 p-8"
              >
                <div>
                  <div
                    class="flex flex-col flex flex-col"
                  >
                    <div>
                      <div
                        class="flex flex-row mb-2 w-fit"
                      >
                        <p
                          class="body-1 font-bold mr-2"
                        >
                          Benefit Level 1 Teladoc Health Mental Health Care In-Network:
                        </p>
                      </div>
                      <p
                        class="body-1"
                      >
                        $15 Copay
                      </p>
                    </div>
                  </div>
                  <span
                    style="display: block; width: 1px; min-width: 1px; height: 32px; min-height: 32px;"
                  />
                  <div
                    class="flex flex-col flex flex-col"
                  >
                    <div>
                      <div
                        class="flex flex-row mb-2 w-fit"
                      >
                        <p
                          class="body-1 font-bold mr-2"
                        >
                          Benefit Level 2 Teladoc Health Mental Health Care In-Network:
                        </p>
                      </div>
                      <p
                        class="body-1"
                      >
                        $15 Copay
                      </p>
                    </div>
                  </div>
                </div>
              </div>
              <div
                class="card-main m-2 mt-4 p-8"
              >
                <div>
                  <div
                    class="flex flex-col flex flex-col"
                  >
                    <div>
                      <div
                        class="flex flex-row mb-2 w-fit"
                      >
                        <p
                          class="body-1 font-bold mr-2"
                        >
                          Benefit Level 1 Teladoc Health Mental Health Digital Program In-Network:
                        </p>
                      </div>
                      <p
                        class="body-1"
                      >
                        $0 Copay
                      </p>
                    </div>
                  </div>
                  <span
                    style="display: block; width: 1px; min-width: 1px; height: 32px; min-height: 32px;"
                  />
                  <div
                    class="flex flex-col flex flex-col"
                  >
                    <div>
                      <div
                        class="flex flex-row mb-2 w-fit"
                      >
                        <p
                          class="body-1 font-bold mr-2"
                        >
                          Benefit Level 2 Teladoc Health Mental Health Digital Program In-Network:
                        </p>
                      </div>
                      <p
                        class="body-1"
                      >
                        $0 Copay
                      </p>
                    </div>
                  </div>
                </div>
              </div>
              <div
                class="card-main m-2 mt-4 p-8"
              >
                <div>
                  <div
                    class="flex flex-col flex flex-col"
                  >
                    <div>
                      <div
                        class="flex flex-row mb-2 w-fit"
                      >
                        <p
                          class="body-1 font-bold mr-2"
                        >
                          Benefit Level 1 Teladoc Health Dermatology In-Network:
                        </p>
                      </div>
                      <p
                        class="body-1"
                      >
                        $15 Copay
                      </p>
                    </div>
                  </div>
                  <span
                    style="display: block; width: 1px; min-width: 1px; height: 32px; min-height: 32px;"
                  />
                  <div
                    class="flex flex-col flex flex-col"
                  >
                    <div>
                      <div
                        class="flex flex-row mb-2 w-fit"
                      >
                        <p
                          class="body-1 font-bold mr-2"
                        >
                          Benefit Level 2 Teladoc Health Dermatology In-Network:
                        </p>
                      </div>
                      <p
                        class="body-1"
                      >
                        $15 Copay
                      </p>
                    </div>
                  </div>
                </div>
              </div>
              <div
                class="card-main m-2 mt-4 p-8"
              >
                <div>
                  <div
                    class="flex flex-col flex flex-col"
                  >
                    <div>
                      <div
                        class="flex flex-row mb-2 w-fit"
                      >
                        <p
                          class="body-1 font-bold mr-2"
                        >
                          Benefit Level 1 Teladoc Health Back and Joint Care In-Network:
                        </p>
                      </div>
                      <p
                        class="body-1"
                      >
                        $0 Copay
                      </p>
                    </div>
                  </div>
                  <span
                    style="display: block; width: 1px; min-width: 1px; height: 32px; min-height: 32px;"
                  />
                  <div
                    class="flex flex-col flex flex-col"
                  >
                    <div>
                      <div
                        class="flex flex-row mb-2 w-fit"
                      >
                        <p
                          class="body-1 font-bold mr-2"
                        >
                          Benefit Level 2 Teladoc Health Back and Joint Care In-Network:
                        </p>
                      </div>
                      <p
                        class="body-1"
                      >
                        $0 Copay
                      </p>
                    </div>
                  </div>
                </div>
              </div>
              <div
                class="card-main m-2 mt-4 p-8"
              >
                <div>
                  <div
                    class="flex flex-col flex flex-col"
                  >
                    <div>
                      <div
                        class="flex flex-row mb-2 w-fit"
                      >
                        <p
                          class="body-1 font-bold mr-2"
                        >
                          Benefit Level 1 Teladoc Health Nutrition Counseling In-Network:
                        </p>
                      </div>
                      <p
                        class="body-1"
                      >
                        $0 Copay
                      </p>
                    </div>
                  </div>
                  <span
                    style="display: block; width: 1px; min-width: 1px; height: 32px; min-height: 32px;"
                  />
                  <div
                    class="flex flex-col flex flex-col"
                  >
                    <div>
                      <div
                        class="flex flex-row mb-2 w-fit"
                      >
                        <p
                          class="body-1 font-bold mr-2"
                        >
                          Benefit Level 2 Teladoc Health Nutrition Counseling In-Network:
                        </p>
                      </div>
                      <p
                        class="body-1"
                      >
                        $0 Copay
                      </p>
                    </div>
                  </div>
                </div>
              </div>
              <div
                class="card-main m-2 mt-4 p-8"
              >
                <div>
                  <div
                    class="flex flex-col flex flex-col"
                  >
                    <div>
                      <div
                        class="flex flex-row mb-2 w-fit"
                      >
                        <p
                          class="body-1 font-bold mr-2"
                        >
                          Benefit Level 1 Chiropractic Manipulation In-Network:
                        </p>
                      </div>
                      <p
                        class="body-1"
                      >
                        20% Coinsurance after you pay the deductible
                      </p>
                    </div>
                  </div>
                  <span
                    style="display: block; width: 1px; min-width: 1px; height: 32px; min-height: 32px;"
                  />
                  <div
                    class="flex flex-col flex flex-col"
                  >
                    <div>
                      <div
                        class="flex flex-row mb-2 w-fit"
                      >
                        <p
                          class="body-1 font-bold mr-2"
                        >
                          Benefit Level 2 Chiropractic Manipulation In-Network:
                        </p>
                      </div>
                      <p
                        class="body-1"
                      >
                        20% Coinsurance after you pay the deductible
                      </p>
                    </div>
                  </div>
                  <span
                    style="display: block; width: 1px; min-width: 1px; height: 32px; min-height: 32px;"
                  />
                  <div
                    class="flex flex-col flex flex-col"
                  >
                    <div>
                      <div
                        class="flex flex-row mb-2 w-fit"
                      >
                        <p
                          class="body-1 font-bold mr-2"
                        >
                          Chiropractic Manipulation Out-of-Network:
                        </p>
                      </div>
                      <p
                        class="body-1"
                      >
                        40% Coinsurance after you pay the deductible
                      </p>
                    </div>
                  </div>
                  <div>
                    <span
                      style="display: block; width: 1px; min-width: 1px; height: 32px; min-height: 32px;"
                    />
                    <div
                      class=""
                      style="width: 100%; height: 1px; background-color: rgb(204, 204, 204);"
                    />
                    <span
                      style="display: block; width: 1px; min-width: 1px; height: 32px; min-height: 32px;"
                    />
                    <p
                      class="body-1 body-1"
                    >
                      Limited to 60 visits per benefit period.
                    </p>
                  </div>
                </div>
              </div>
              <div
                class="card-main m-2 mt-4 p-8"
              >
                <div>
                  <div
                    class="flex flex-col flex flex-col"
                  >
                    <div>
                      <div
                        class="flex flex-row mb-2 w-fit"
                      >
                        <p
                          class="body-1 font-bold mr-2"
                        >
                          Benefit Level 1 Urgent Care, Facility In-Network:
                        </p>
                      </div>
                      <p
                        class="body-1"
                      >
                        $50 Copay
                      </p>
                    </div>
                  </div>
                  <span
                    style="display: block; width: 1px; min-width: 1px; height: 32px; min-height: 32px;"
                  />
                  <div
                    class="flex flex-col flex flex-col"
                  >
                    <div>
                      <div
                        class="flex flex-row mb-2 w-fit"
                      >
                        <p
                          class="body-1 font-bold mr-2"
                        >
                          Benefit Level 2 Urgent Care, Facility In-Network:
                        </p>
                      </div>
                      <p
                        class="body-1"
                      >
                        $60 Copay
                      </p>
                    </div>
                  </div>
                  <span
                    style="display: block; width: 1px; min-width: 1px; height: 32px; min-height: 32px;"
                  />
                  <div
                    class="flex flex-col flex flex-col"
                  >
                    <div>
                      <div
                        class="flex flex-row mb-2 w-fit"
                      >
                        <p
                          class="body-1 font-bold mr-2"
                        >
                          Urgent Care, Facility Out-of-Network:
                        </p>
                      </div>
                      <p
                        class="body-1"
                      >
                        40% Coinsurance after you pay the deductible
                      </p>
                    </div>
                  </div>
                </div>
              </div>
              <div
                class="card-main m-2 mt-4 p-8"
              >
                <div>
                  <div
                    class="flex flex-col flex flex-col"
                  >
                    <div>
                      <div
                        class="flex flex-row mb-2 w-fit"
                      >
                        <p
                          class="body-1 font-bold mr-2"
                        >
                          Benefit Level 1 Urgent Care, Physician In-Network:
                        </p>
                      </div>
                      <p
                        class="body-1"
                      >
                        $50 Copay
                      </p>
                    </div>
                  </div>
                  <span
                    style="display: block; width: 1px; min-width: 1px; height: 32px; min-height: 32px;"
                  />
                  <div
                    class="flex flex-col flex flex-col"
                  >
                    <div>
                      <div
                        class="flex flex-row mb-2 w-fit"
                      >
                        <p
                          class="body-1 font-bold mr-2"
                        >
                          Benefit Level 2 Urgent Care, Physician In-Network:
                        </p>
                      </div>
                      <p
                        class="body-1"
                      >
                        $60 Copay
                      </p>
                    </div>
                  </div>
                  <span
                    style="display: block; width: 1px; min-width: 1px; height: 32px; min-height: 32px;"
                  />
                  <div
                    class="flex flex-col flex flex-col"
                  >
                    <div>
                      <div
                        class="flex flex-row mb-2 w-fit"
                      >
                        <p
                          class="body-1 font-bold mr-2"
                        >
                          Urgent Care, Physician Out-of-Network:
                        </p>
                      </div>
                      <p
                        class="body-1"
                      >
                        40% Coinsurance after you pay the deductible
                      </p>
                    </div>
                  </div>
                </div>
              </div>
            </div>
          </div>
          <div
            class="flex flex-col  flex-grow page-section-36_67 items-stretch md:ml-4"
          >
            <a
              href="findcare"
            >
              <div
                class="card-elevated small-section"
              >
                <div
                  class="flex flex-row"
                >
                  <img
                    alt="link"
                    class="size-10"
                    data-nimg="1"
                    decoding="async"
                    height="40"
                    loading="lazy"
                    src="/_next/image?url=%2Fimg.jpg&w=96&q=75"
                    srcset="/_next/image?url=%2Fimg.jpg&w=48&q=75 1x, /_next/image?url=%2Fimg.jpg&w=96&q=75 2x"
                    style="color: transparent;"
                    width="40"
                  />
                  <div
                    class="flex flex-col ml-4"
                  >
                    <div
                      class="link-row-head"
                    >
                      Estimate Costs
                    </div>
                    <p
                      class="body-1 body-1"
                    >
                      Plan your upcoming care costs before you make an appointment.
                    </p>
                  </div>
                </div>
              </div>
            </a>
            <a
              href="servicesused"
            >
              <div
                class="card-elevated small-section"
              >
                <div
                  class="flex flex-row"
                >
                  <img
                    alt="link"
                    class="size-10"
                    data-nimg="1"
                    decoding="async"
                    height="40"
                    loading="lazy"
                    src="/_next/image?url=%2Fimg.jpg&w=96&q=75"
                    srcset="/_next/image?url=%2Fimg.jpg&w=48&q=75 1x, /_next/image?url=%2Fimg.jpg&w=96&q=75 2x"
                    style="color: transparent;"
                    width="40"
                  />
                  <div
                    class="flex flex-col ml-4"
                  >
                    <div
                      class="link-row-head"
                    >
                      Services Used
                    </div>
                    <p
                      class="body-1 body-1"
                    >
                      View a list of common services, the maximum amount covered by your plan and how many you've used.
                    </p>
                  </div>
                </div>
              </div>
            </a>
            <div
              class="card-main large-section benefit-type-card"
            >
              <div>
                <h2
                  class="title-2"
                >
                  Medical & Pharmacy Balance
                </h2>
                <span
                  style="display: block; width: 1px; min-width: 1px; height: 32px; min-height: 32px;"
                />
                <div
                  class="flex flex-row"
                >
                  <p>
                    Member :
                  </p>
                  <span
                    style="display: block; width: 8px; min-width: 8px; height: 1px; min-height: 1px;"
                  />
                  <div
                    class="relative"
                  >
                    <div
                      class="flex flex-row link"
                    >
                      <p
                        class="body-bold"
                      >
                        Megan Chaler
                      </p>
                      <span
                        style="display: block; width: 8px; min-width: 8px; height: 1px; min-height: 1px;"
                      />
                      <img
                        alt="down icon"
                        data-nimg="1"
                        decoding="async"
                        height="40"
                        loading="lazy"
                        src="/_next/image?url=%2Fimg.jpg&w=96&q=75"
                        srcset="/_next/image?url=%2Fimg.jpg&w=48&q=75 1x, /_next/image?url=%2Fimg.jpg&w=96&q=75 2x"
                        style="color: transparent;"
                        width="40"
                      />
                    </div>
                    <section
                      class="card-elevated z-20 dropdown-section"
                      style="display: none; position: absolute;"
                    >
                      <div
                        class="flex flex-row  dropdown-item p-2 cursor-pointer"
                      >
                        <div
                          class="size-5 mx-2"
                        />
                        <div>
                          <p
                            class="whitespace-nowrap mx-2"
                          >
                            Chris Hall
                          </p>
                        </div>
                      </div>
                      <div
                        class="flex flex-row dropdown-item-selected dropdown-item p-2 cursor-pointer"
                      >
                        <div
                          class="size-5 mx-2 "
                        >
                          <img
                            alt="selcted"
                            class="size-5"
                            data-nimg="1"
                            decoding="async"
                            height="40"
                            loading="lazy"
                            src="/_next/image?url=%2Fimg.jpg&w=96&q=75"
                            srcset="/_next/image?url=%2Fimg.jpg&w=48&q=75 1x, /_next/image?url=%2Fimg.jpg&w=96&q=75 2x"
                            style="color: transparent;"
                            width="40"
                          />
                        </div>
                        <div>
                          <p
                            class="whitespace-nowrap mx-2"
                          >
                            Megan Chaler
                          </p>
                        </div>
                      </div>
                    </section>
                  </div>
                </div>
                <span
                  style="display: block; width: 1px; min-width: 1px; height: 18px; min-height: 18px;"
                />
                <div
                  class="flex flex-row"
                >
                  <p>
                    Network Status :
                  </p>
                  <span
                    style="display: block; width: 8px; min-width: 8px; height: 1px; min-height: 1px;"
                  />
                  <div
                    class="relative"
                  >
                    <div
                      class="flex flex-row link"
                    >
                      <p
                        class="body-bold"
                      >
                        In-Network
                      </p>
                      <span
                        style="display: block; width: 8px; min-width: 8px; height: 1px; min-height: 1px;"
                      />
                      <img
                        alt="down icon"
                        data-nimg="1"
                        decoding="async"
                        height="40"
                        loading="lazy"
                        src="/_next/image?url=%2Fimg.jpg&w=96&q=75"
                        srcset="/_next/image?url=%2Fimg.jpg&w=48&q=75 1x, /_next/image?url=%2Fimg.jpg&w=96&q=75 2x"
                        style="color: transparent;"
                        width="40"
                      />
                    </div>
                    <section
                      class="card-elevated z-20 dropdown-section"
                      style="display: none; position: absolute;"
                    >
                      <div
                        class="flex flex-row dropdown-item-selected dropdown-item p-2 cursor-pointer"
                      >
                        <div
                          class="size-5 mx-2 "
                        >
                          <img
                            alt="selcted"
                            class="size-5"
                            data-nimg="1"
                            decoding="async"
                            height="40"
                            loading="lazy"
                            src="/_next/image?url=%2Fimg.jpg&w=96&q=75"
                            srcset="/_next/image?url=%2Fimg.jpg&w=48&q=75 1x, /_next/image?url=%2Fimg.jpg&w=96&q=75 2x"
                            style="color: transparent;"
                            width="40"
                          />
                        </div>
                        <div>
                          <p
                            class="whitespace-nowrap mx-2"
                          >
                            In-Network
                          </p>
                        </div>
                      </div>
                      <div
                        class="flex flex-row  dropdown-item p-2 cursor-pointer"
                      >
                        <div
                          class="size-5 mx-2"
                        />
                        <div>
                          <p
                            class="whitespace-nowrap mx-2"
                          >
                            Out-of-Network
                          </p>
                        </div>
                      </div>
                    </section>
                  </div>
                </div>
                <span
                  style="display: block; width: 1px; min-width: 1px; height: 32px; min-height: 32px;"
                />
                <div
                  class="flex flex-col"
                >
                  <p
                    class="underline decoration-dashed underline-offset-4 app-underline body-1"
                  >
                    Deductible
                  </p>
                  <span
                    style="display: block; width: 1px; min-width: 1px; height: 16px; min-height: 16px;"
                  />
                  <div>
                    <div
                      aria-label="bar chart"
                      style="height: 10px; width: 50%;"
                    />
                  </div>
                  <span
                    style="display: block; width: 1px; min-width: 1px; height: 8px; min-height: 8px;"
                  />
                  <div
                    class="flex flex-row justify-between"
                  >
                    <div
                      class="flex flex-col"
                    >
                      <p
                        class="font-bold"
                      >
                        $
                        750
                      </p>
                      <p>
                        Spent
                      </p>
                    </div>
                    <div
                      class="flex flex-col"
                    >
                      <p>
                        $
                        1500
                      </p>
                      <p>
                        Limit
                      </p>
                    </div>
                  </div>
                </div>
                <span
                  style="display: block; width: 1px; min-width: 1px; height: 32px; min-height: 32px;"
                />
                <div
                  class="flex flex-col"
                >
                  <p
                    class="underline decoration-dashed underline-offset-4 app-underline body-1"
                  >
                    Out-of-Pocket
                  </p>
                  <span
                    style="display: block; width: 1px; min-width: 1px; height: 16px; min-height: 16px;"
                  />
                  <div>
                    <div
                      aria-label="bar chart"
                      style="height: 10px; width: 50%;"
                    />
                  </div>
                  <span
                    style="display: block; width: 1px; min-width: 1px; height: 8px; min-height: 8px;"
                  />
                  <div
                    class="flex flex-row justify-between"
                  >
                    <div
                      class="flex flex-col"
                    >
                      <p
                        class="font-bold"
                      >
                        $
                        1875
                      </p>
                      <p>
                        Spent
                      </p>
                    </div>
                    <div
                      class="flex flex-col"
                    >
                      <p>
                        $
                        3750
                      </p>
                      <p>
                        Limit
                      </p>
                    </div>
                  </div>
                </div>
                <span
                  style="display: block; width: 1px; min-width: 1px; height: 32px; min-height: 32px;"
                />
                <a
                  href="/balances"
                  style="display: block;"
                  tabindex="-1"
                >
                  <button
                    class="flex flex-row link-container undefined"
                    style="max-width: max-content; height: auto; display: block;"
                    tabindex="0"
                  >
                    <p
                      class="link undefined"
                      style="display: block;"
                    >
                      View Balances
                    </p>
                  </button>
                </a>
              </div>
            </div>
            <div
              class="card-main m-2 mt-4 p-8"
            >
              <div>
                <h1
                  class="title-1 title-2"
                >
                  Spending Accounts
                </h1>
                <span
                  style="display: block; width: 1px; min-width: 1px; height: 32px; min-height: 32px;"
                />
                <div
                  class="flex flex-row"
                >
                  <div
                    class="flex flex-col"
                  >
                    <p
                      class="body-1 py-4 px-7 font-bold"
                      style="background-color: rgb(231, 246, 255); border-radius: 7px;"
                    >
                      HSA
                    </p>
                  </div>
                  <div
                    class="flex flex-col ml-4"
                  >
                    <p
                      class="body-2"
                    >
                      Health Saving Account Balance
                    </p>
                    <p
                      class="body-1 font-bold"
                    >
                      $349.90
                    </p>
                  </div>
                </div>
                <span
                  style="display: block; width: 1px; min-width: 1px; height: 21px; min-height: 21px;"
                />
                <div
                  class="flex flex-row"
                >
                  <div
                    class="flex flex-col"
                  >
                    <p
                      class="body-1 py-4 px-7 font-bold"
                      style="background-color: rgb(231, 246, 255); border-radius: 7px;"
                    >
                      FSA
                    </p>
                  </div>
                  <div
                    class="flex flex-col ml-4"
                  >
                    <p
                      class="body-2"
                    >
                      Flexible Spending Account Balance
                    </p>
                    <p
                      class="body-1 font-bold"
                    >
                      $1,009.50
                    </p>
                  </div>
                </div>
                <span
                  style="display: block; width: 1px; min-width: 1px; height: 18px; min-height: 18px;"
                />
                <a
                  href="/spendingAccounts"
                  style="display: block;"
                  tabindex="-1"
                >
                  <button
                    class="flex flex-row link-container undefined"
                    style="max-width: max-content; height: auto; display: block;"
                    tabindex="0"
                  >
                    <p
                      class="link undefined"
                      style="display: block;"
                    >
                      View Spending Accounts
                    </p>
                  </button>
                </a>
              </div>
            </div>
            <div
              class="card-main large-section"
            >
              <div
                class="flex flex-col flex flex-col"
              >
                <h2
                  class="title-2"
                >
                  Get Help with Benefits
                </h2>
                <span
                  style="display: block; width: 1px; min-width: 1px; height: 16px; min-height: 16px;"
                />
                <span
                  class="rich-text body-1 undefined"
                >
                  <span>
                    if you need help, please help reach out to us.You can
                     
                  </span>
                  <span
                    class="link"
                  >
                    <a>
                      start a chat 
                    </a>
                  </span>
                  <span>
                    or call us at [1-800-000-000]
                  </span>
                </span>
                <span
                  style="display: block; width: 1px; min-width: 1px; height: 32px; min-height: 32px;"
                />
                <span
                  class="rich-text body-1 undefined"
                >
                  <span>
                    You can also try our 
                  </span>
                  <span
                    class="link"
                  >
                    <a>
                      Benefits & Coverage FAQ
                    </a>
                  </span>
                </span>
                <span
                  style="display: block; width: 1px; min-width: 1px; height: 24px; min-height: 24px;"
                />
              </div>
            </div>
          </div>
        </section>
      </div>
    </main>
  </div>
</body>
`;
