// Jest Snapshot v1, https://goo.gl/fbAQLP

exports[`My Health Page should render My Health Page correctly 1`] = `
<body>
  <div>
    <main
      class="flex flex-col justify-center items-center page"
    >
      <div
        class="flex flex-col app-content app-base-font-color"
      >
        <span
          style="display: block; width: 1px; min-width: 1px; height: 64px; min-height: 64px;"
        />
        <h1
          class="title-1"
        >
          Other Programs & Resources
        </h1>
        <span
          style="display: block; width: 1px; min-width: 1px; height: 32px; min-height: 32px;"
        />
        <section>
          <div
            class="card-main large-section skip-underscore"
          >
            <div
              class="flex flex-col"
            >
              <div
                class="flex flex-row"
              >
                <img
                  alt="link"
                  class="size-10"
                  data-nimg="1"
                  decoding="async"
                  height="40"
                  loading="lazy"
                  src="/_next/image?url=%2Fimg.jpg&w=96&q=75"
                  srcset="/_next/image?url=%2Fimg.jpg&w=48&q=75 1x, /_next/image?url=%2Fimg.jpg&w=96&q=75 2x"
                  style="color: transparent;"
                  width="40"
                />
                <section
                  class="flex justify-start self-start my-health-link"
                >
                  <span
                    class="rich-text body-1 undefined"
                  >
                    <div
                      class="flex flex-row body-1 flex-grow md:!flex !block align-top mt-4 ml-2"
                    >
                      <a
                        href=""
                        style="display: block;"
                        tabindex="-1"
                      >
                        <button
                          class="flex flex-row link-container link hover:!underline caremark !flex pt-0 pl-0"
                          style="max-width: max-content; height: auto; display: block;"
                          tabindex="0"
                        >
                          <p
                            class="link undefined"
                            style="display: block;"
                          >
                            WellTuned Blog
                          </p>
                          <p
                            class="ml-1"
                            style="display: block;"
                          >
                            <img
                              alt="external"
                              data-nimg="1"
                              decoding="async"
                              height="40"
                              loading="lazy"
                              src="/_next/image?url=%2Fimg.jpg&w=96&q=75"
                              srcset="/_next/image?url=%2Fimg.jpg&w=48&q=75 1x, /_next/image?url=%2Fimg.jpg&w=96&q=75 2x"
                              style="color: transparent;"
                              width="40"
                            />
                          </p>
                        </button>
                      </a>
                    </div>
                  </span>
                </section>
              </div>
              <span
                style="display: block; width: 1px; min-width: 1px; height: 8px; min-height: 8px;"
              />
              <p
                class="body-1 body-1 ml-11"
              >
                Visit our WellTuned blog to stay up-to-date on health and wellness news, health care developments and tips for managing your health.
              </p>
            </div>
          </div>
        </section>
        <section>
          <div
            class="card-main undefined"
          >
            <div
              class="flex flex-col large-section"
            >
              <h2
                class="title-2"
              >
                Member Discounts
              </h2>
              <span
                style="display: block; width: 1px; min-width: 1px; height: 16px; min-height: 16px;"
              />
              <p
                class="body-1"
              >
                Want access to new healthy living discounts every week? Find savings on nutrition programs, fitness accessories, medical supplies and services like hearing aids and LASIK eye surgey.
              </p>
              <span
                style="display: block; width: 1px; min-width: 1px; height: 32px; min-height: 32px;"
              />
              <div
                class="flex flex-row flex-wrap"
              >
                <div
                  class="card-main card-small"
                >
                  <div
                    class="flex flex-row"
                  >
                    <img
                      alt="Footwear Icon"
                      class="inline"
                      data-nimg="1"
                      decoding="async"
                      height="40"
                      loading="lazy"
                      src="/_next/image?url=%2Fimg.jpg&w=96&q=75"
                      srcset="/_next/image?url=%2Fimg.jpg&w=48&q=75 1x, /_next/image?url=%2Fimg.jpg&w=96&q=75 2x"
                      style="color: transparent;"
                      width="40"
                    />
                    <p
                      class="body-1 inline my-auto ml-4"
                    >
                      Apparel & Footwear
                    </p>
                  </div>
                </div>
                <div
                  class="card-main card-small"
                >
                  <div
                    class="flex flex-row"
                  >
                    <img
                      alt="Fitness Icon"
                      class="inline"
                      data-nimg="1"
                      decoding="async"
                      height="40"
                      loading="lazy"
                      src="/_next/image?url=%2Fimg.jpg&w=96&q=75"
                      srcset="/_next/image?url=%2Fimg.jpg&w=48&q=75 1x, /_next/image?url=%2Fimg.jpg&w=96&q=75 2x"
                      style="color: transparent;"
                      width="40"
                    />
                    <p
                      class="body-1 inline my-auto ml-4"
                    >
                      Fitness
                    </p>
                  </div>
                </div>
                <div
                  class="card-main card-small"
                >
                  <div
                    class="flex flex-row"
                  >
                    <img
                      alt="Vision Icon"
                      class="inline"
                      data-nimg="1"
                      decoding="async"
                      height="40"
                      loading="lazy"
                      src="/_next/image?url=%2Fimg.jpg&w=96&q=75"
                      srcset="/_next/image?url=%2Fimg.jpg&w=48&q=75 1x, /_next/image?url=%2Fimg.jpg&w=96&q=75 2x"
                      style="color: transparent;"
                      width="40"
                    />
                    <p
                      class="body-1 inline my-auto ml-4"
                    >
                      Hearing & Vision
                    </p>
                  </div>
                </div>
                <div
                  class="card-main card-small"
                >
                  <div
                    class="flex flex-row"
                  >
                    <img
                      alt="Nutrition Icon"
                      class="inline"
                      data-nimg="1"
                      decoding="async"
                      height="40"
                      loading="lazy"
                      src="/_next/image?url=%2Fimg.jpg&w=96&q=75"
                      srcset="/_next/image?url=%2Fimg.jpg&w=48&q=75 1x, /_next/image?url=%2Fimg.jpg&w=96&q=75 2x"
                      style="color: transparent;"
                      width="40"
                    />
                    <p
                      class="body-1 inline my-auto ml-4"
                    >
                      Nutrition
                    </p>
                  </div>
                </div>
                <div
                  class="card-main card-small"
                >
                  <div
                    class="flex flex-row"
                  >
                    <img
                      alt="Travel Icon"
                      class="inline"
                      data-nimg="1"
                      decoding="async"
                      height="40"
                      loading="lazy"
                      src="/_next/image?url=%2Fimg.jpg&w=96&q=75"
                      srcset="/_next/image?url=%2Fimg.jpg&w=48&q=75 1x, /_next/image?url=%2Fimg.jpg&w=96&q=75 2x"
                      style="color: transparent;"
                      width="40"
                    />
                    <p
                      class="body-1 inline my-auto ml-4"
                    >
                      Travel
                    </p>
                  </div>
                </div>
                <div
                  class="card-main card-small"
                >
                  <div
                    class="flex flex-row"
                  >
                    <img
                      alt="Personal Icon"
                      class="inline"
                      data-nimg="1"
                      decoding="async"
                      height="40"
                      loading="lazy"
                      src="/_next/image?url=%2Fimg.jpg&w=96&q=75"
                      srcset="/_next/image?url=%2Fimg.jpg&w=48&q=75 1x, /_next/image?url=%2Fimg.jpg&w=96&q=75 2x"
                      style="color: transparent;"
                      width="40"
                    />
                    <p
                      class="body-1 inline my-auto ml-4"
                    >
                      Personal Care
                    </p>
                  </div>
                </div>
              </div>
              <span
                style="display: block; width: 1px; min-width: 1px; height: 32px; min-height: 32px;"
              />
              <div>
                <a
                  style="display: inline-flex;"
                  tabindex="-1"
                >
                  <button
                    class="flex flex-row link-container p-0"
                    style="max-width: max-content; height: auto; display: inline-flex;"
                    tabindex="0"
                  >
                    <p
                      class="link undefined"
                      style="display: inline-flex;"
                    >
                      View All Member Discounts
                    </p>
                  </button>
                </a>
                <img
                  alt="icon"
                  class="inline"
                  data-nimg="1"
                  decoding="async"
                  height="40"
                  loading="lazy"
                  src="/_next/image?url=%2Fimg.jpg&w=96&q=75"
                  srcset="/_next/image?url=%2Fimg.jpg&w=48&q=75 1x, /_next/image?url=%2Fimg.jpg&w=96&q=75 2x"
                  style="color: transparent;"
                  width="40"
                />
              </div>
            </div>
          </div>
        </section>
        <section>
          <div
            class="card-main large-section"
          >
            <div
              class="flex flex-col"
            >
              <h2
                class="title-2"
              >
                Health Library
              </h2>
              <span
                style="display: block; width: 1px; min-width: 1px; height: 16px; min-height: 16px;"
              />
              <p
                class="body-1"
              >
                From checking symptoms to answering your health questions, we have a collection of useful tools and resources to help you manage your health.
              </p>
              <span
                style="display: block; width: 1px; min-width: 1px; height: 32px; min-height: 32px;"
              />
              <section
                class="my-health-image-card"
              >
                <a
                  class="my-health-card my-health-card-link"
                  href="#path-1"
                >
                  <div
                    class="card-main my-health-card-health-library"
                  >
                    <div
                      class="flex flex-col ml-2"
                    >
                      <span
                        style="display: block; width: 1px; min-width: 1px; height: 16px; min-height: 16px;"
                      />
                      <div
                        class="flex flex-col"
                      >
                        <p
                          class="body-1 link-row-head"
                        >
                          Learning Center
                        </p>
                        <span
                          style="display: block; width: 1px; min-width: 1px; height: 16px; min-height: 16px;"
                        />
                        <p
                          class="body-1 body-1"
                        >
                          Get more information about specific health terms, topics and conditions to better manage your health.
                        </p>
                      </div>
                    </div>
                  </div>
                </a>
                <a
                  class="my-health-card my-health-card-link"
                  href="#path-1"
                >
                  <div
                    class="card-main my-health-card-health-library"
                  >
                    <div
                      class="flex flex-col ml-2"
                    >
                      <span
                        style="display: block; width: 1px; min-width: 1px; height: 16px; min-height: 16px;"
                      />
                      <div
                        class="flex flex-col"
                      >
                        <p
                          class="body-1 link-row-head"
                        >
                          Interactive Tools
                        </p>
                        <span
                          style="display: block; width: 1px; min-width: 1px; height: 16px; min-height: 16px;"
                        />
                        <p
                          class="body-1 body-1"
                        >
                          Our personal calculators and short quizzes make it easier for you to learn more about your health from knowing your BMI to managing stress.
                        </p>
                      </div>
                    </div>
                  </div>
                </a>
                <a
                  class="my-health-card my-health-card-link"
                  href="#path-1"
                >
                  <div
                    class="card-main my-health-card-health-library"
                  >
                    <div
                      class="flex flex-col ml-2"
                    >
                      <span
                        style="display: block; width: 1px; min-width: 1px; height: 16px; min-height: 16px;"
                      />
                      <div
                        class="flex flex-col"
                      >
                        <p
                          class="body-1 link-row-head"
                        >
                          Health Videos
                        </p>
                        <span
                          style="display: block; width: 1px; min-width: 1px; height: 16px; min-height: 16px;"
                        />
                        <p
                          class="body-1 body-1"
                        >
                          Find out about health-related topics with our extensive selection of videos featuring general wellness, specific conditions and more.
                        </p>
                      </div>
                    </div>
                  </div>
                </a>
              </section>
              <section
                class="my-health-image-card"
              >
                <a
                  class="my-health-card my-health-card-link"
                  href="#path-1"
                >
                  <div
                    class="card-main my-health-card-health-library"
                  >
                    <div
                      class="flex flex-col ml-2"
                    >
                      <span
                        style="display: block; width: 1px; min-width: 1px; height: 16px; min-height: 16px;"
                      />
                      <div
                        class="flex flex-col"
                      >
                        <p
                          class="body-1 link-row-head"
                        >
                          Symptom Checker
                        </p>
                        <span
                          style="display: block; width: 1px; min-width: 1px; height: 16px; min-height: 16px;"
                        />
                        <p
                          class="body-1 body-1"
                        >
                          Get more reliable information about the symptom you’re experiencing to help find the care you need.
                        </p>
                      </div>
                    </div>
                  </div>
                </a>
                <a
                  class="my-health-card my-health-card-link"
                  href="#path-1"
                >
                  <div
                    class="card-main my-health-card-health-library"
                  >
                    <div
                      class="flex flex-col ml-2"
                    >
                      <span
                        style="display: block; width: 1px; min-width: 1px; height: 16px; min-height: 16px;"
                      />
                      <div
                        class="flex flex-col"
                      >
                        <p
                          class="body-1 link-row-head"
                        >
                          Manage Your Diabetes
                        </p>
                        <span
                          style="display: block; width: 1px; min-width: 1px; height: 16px; min-height: 16px;"
                        />
                        <p
                          class="body-1 body-1"
                        >
                          Get the information you need and stay up-to-date on tests using our resources to help manage your diabetes.
                        </p>
                      </div>
                    </div>
                  </div>
                </a>
                <a
                  class="my-health-card my-health-card-link"
                  href="#path-1"
                >
                  <div
                    class="card-main my-health-card-health-library"
                  >
                    <div
                      class="flex flex-col ml-2"
                    >
                      <span
                        style="display: block; width: 1px; min-width: 1px; height: 16px; min-height: 16px;"
                      />
                      <div
                        class="flex flex-col"
                      >
                        <p
                          class="body-1 link-row-head"
                        >
                          Decision Support
                        </p>
                        <span
                          style="display: block; width: 1px; min-width: 1px; height: 16px; min-height: 16px;"
                        />
                        <p
                          class="body-1 body-1"
                        >
                          We’ll help you get the facts, ask the right questions and weigh your options before making any health decision, big or small.
                        </p>
                      </div>
                    </div>
                  </div>
                </a>
              </section>
              <span
                style="display: block; width: 1px; min-width: 1px; height: 8px; min-height: 8px;"
              />
              <section
                class="flex justify-start self-start my-health-link"
              >
                <span
                  class="rich-text body-1 undefined"
                >
                  <div
                    class="flex flex-row body-1 flex-grow md:!flex !block align-top mt-4 ml-2"
                  >
                    <a
                      href="https://www.healthwise.net/bcbst/Content/CustDocument.aspx?XML=STUB.XML&XSL=CD.FRONTPAGE.XSL&sv=831a539d-ef9f-8c40-5170-bd8216690f89"
                      style="display: block;"
                      tabindex="-1"
                    >
                      <button
                        class="flex flex-row link-container link hover:!underline caremark !flex pt-0 pl-0"
                        style="max-width: max-content; height: auto; display: block;"
                        tabindex="0"
                      >
                        <p
                          class="link undefined"
                          style="display: block;"
                        >
                          Visit The Health Library
                        </p>
                        <p
                          class="ml-1"
                          style="display: block;"
                        >
                          <img
                            alt="external"
                            data-nimg="1"
                            decoding="async"
                            height="40"
                            loading="lazy"
                            src="/_next/image?url=%2Fimg.jpg&w=96&q=75"
                            srcset="/_next/image?url=%2Fimg.jpg&w=48&q=75 1x, /_next/image?url=%2Fimg.jpg&w=96&q=75 2x"
                            style="color: transparent;"
                            width="40"
                          />
                        </p>
                      </button>
                    </a>
                  </div>
                </span>
              </section>
            </div>
          </div>
        </section>
        <section>
          <div
            class="flex flex-col mt-16 lg:mt-0"
          >
            <div
              class="card-main large-section"
            >
              <div
                class="flex flex-col"
              >
                <h2
                  class="title-2"
                >
                  Member Wellness Center
                </h2>
                <span
                  style="display: block; width: 1px; min-width: 1px; height: 16px; min-height: 16px;"
                />
                <p
                  class="body-1"
                >
                  Take a free personal health assessment, track your diet and exercise, sync your fitness apps to earn wellness points and more—all in one secure place.
                </p>
                <span
                  style="display: block; width: 1px; min-width: 1px; height: 32px; min-height: 32px;"
                />
                <section
                  class="my-health-image-card"
                >
                  <a
                    class="my-health-card my-health-card-link"
                    href="#path-1"
                  >
                    <div
                      class="card-main my-health-card-member-wellness"
                    >
                      <div
                        class="flex flex-col ml-2"
                      >
                        <div
                          class="flex flex-col"
                        >
                          <span
                            style="display: block; width: 1px; min-width: 1px; height: 8px; min-height: 8px;"
                          />
                          <img
                            alt="link"
                            class="size-10"
                            data-nimg="1"
                            decoding="async"
                            height="40"
                            loading="lazy"
                            src="/_next/image?url=%2Fimg.jpg&w=96&q=75"
                            srcset="/_next/image?url=%2Fimg.jpg&w=48&q=75 1x, /_next/image?url=%2Fimg.jpg&w=96&q=75 2x"
                            style="color: transparent;"
                            width="40"
                          />
                          <span
                            style="display: block; width: 1px; min-width: 1px; height: 8px; min-height: 8px;"
                          />
                        </div>
                        <span
                          style="display: block; width: 1px; min-width: 1px; height: 16px; min-height: 16px;"
                        />
                        <div
                          class="flex flex-col"
                        >
                          <p
                            class="body-1 link-row-head"
                          >
                            Your Health Assessment
                          </p>
                          <span
                            style="display: block; width: 1px; min-width: 1px; height: 16px; min-height: 16px;"
                          />
                          <p
                            class="body-1 body-1"
                          >
                            Your personal health assessment is the starting point for your wellness program, and the key to helping us provide a more personalized experience for you.
                          </p>
                        </div>
                      </div>
                    </div>
                  </a>
                  <a
                    class="my-health-card my-health-card-link"
                    href="#path-1"
                  >
                    <div
                      class="card-main my-health-card-member-wellness"
                    >
                      <div
                        class="flex flex-col ml-2"
                      >
                        <div
                          class="flex flex-col"
                        >
                          <span
                            style="display: block; width: 1px; min-width: 1px; height: 8px; min-height: 8px;"
                          />
                          <img
                            alt="link"
                            class="size-10"
                            data-nimg="1"
                            decoding="async"
                            height="40"
                            loading="lazy"
                            src="/_next/image?url=%2Fimg.jpg&w=96&q=75"
                            srcset="/_next/image?url=%2Fimg.jpg&w=48&q=75 1x, /_next/image?url=%2Fimg.jpg&w=96&q=75 2x"
                            style="color: transparent;"
                            width="40"
                          />
                          <span
                            style="display: block; width: 1px; min-width: 1px; height: 8px; min-height: 8px;"
                          />
                        </div>
                        <span
                          style="display: block; width: 1px; min-width: 1px; height: 16px; min-height: 16px;"
                        />
                        <div
                          class="flex flex-col"
                        >
                          <p
                            class="body-1 link-row-head"
                          >
                            Earn Wellness Points
                          </p>
                          <span
                            style="display: block; width: 1px; min-width: 1px; height: 16px; min-height: 16px;"
                          />
                          <p
                            class="body-1 body-1"
                          >
                            Choose from a variety of activities, including tracking your steps, completing the wellness class form, or running a 5K.
                          </p>
                        </div>
                      </div>
                    </div>
                  </a>
                  <a
                    class="my-health-card my-health-card-link"
                    href="#path-1"
                  >
                    <div
                      class="card-main my-health-card-member-wellness"
                    >
                      <div
                        class="flex flex-col ml-2"
                      >
                        <div
                          class="flex flex-col"
                        >
                          <span
                            style="display: block; width: 1px; min-width: 1px; height: 8px; min-height: 8px;"
                          />
                          <img
                            alt="link"
                            class="size-10"
                            data-nimg="1"
                            decoding="async"
                            height="40"
                            loading="lazy"
                            src="/_next/image?url=%2Fimg.jpg&w=96&q=75"
                            srcset="/_next/image?url=%2Fimg.jpg&w=48&q=75 1x, /_next/image?url=%2Fimg.jpg&w=96&q=75 2x"
                            style="color: transparent;"
                            width="40"
                          />
                          <span
                            style="display: block; width: 1px; min-width: 1px; height: 8px; min-height: 8px;"
                          />
                        </div>
                        <span
                          style="display: block; width: 1px; min-width: 1px; height: 16px; min-height: 16px;"
                        />
                        <div
                          class="flex flex-col"
                        >
                          <p
                            class="body-1 link-row-head"
                          >
                            Interactive Programs
                          </p>
                          <span
                            style="display: block; width: 1px; min-width: 1px; height: 16px; min-height: 16px;"
                          />
                          <p
                            class="body-1 body-1"
                          >
                            Set a goal and create healthy habits to achieve your goal. Programs include staying tobacco free, maintaining a healthy weight, and more!
                          </p>
                        </div>
                      </div>
                    </div>
                  </a>
                </section>
                <span
                  style="display: block; width: 1px; min-width: 1px; height: 8px; min-height: 8px;"
                />
                <section
                  class="flex justify-start self-start my-health-link"
                >
                  <span
                    class="rich-text body-1 undefined"
                  >
                    <div
                      class="flex flex-row body-1 flex-grow md:!flex !block align-top mt-4 ml-2"
                    >
                      <a
                        href=""
                        style="display: block;"
                        tabindex="-1"
                      >
                        <button
                          class="flex flex-row link-container link hover:!underline caremark !flex pt-0 pl-0"
                          style="max-width: max-content; height: auto; display: block;"
                          tabindex="0"
                        >
                          <p
                            class="link undefined"
                            style="display: block;"
                          >
                            Visit Member Wellness Center
                          </p>
                          <p
                            class="ml-1"
                            style="display: block;"
                          >
                            <img
                              alt="external"
                              data-nimg="1"
                              decoding="async"
                              height="40"
                              loading="lazy"
                              src="/_next/image?url=%2Fimg.jpg&w=96&q=75"
                              srcset="/_next/image?url=%2Fimg.jpg&w=48&q=75 1x, /_next/image?url=%2Fimg.jpg&w=96&q=75 2x"
                              style="color: transparent;"
                              width="40"
                            />
                          </p>
                        </button>
                      </a>
                    </div>
                  </span>
                </section>
              </div>
            </div>
          </div>
        </section>
        <section>
          <div
            class="card-main large-section skip-underscore"
          >
            <div
              class="flex flex-col"
            >
              <div
                class="flex flex-row"
              >
                <img
                  alt="link"
                  class="size-10"
                  data-nimg="1"
                  decoding="async"
                  height="40"
                  loading="lazy"
                  src="/_next/image?url=%2Fimg.jpg&w=96&q=75"
                  srcset="/_next/image?url=%2Fimg.jpg&w=48&q=75 1x, /_next/image?url=%2Fimg.jpg&w=96&q=75 2x"
                  style="color: transparent;"
                  width="40"
                />
                <section
                  class="flex justify-start self-start my-health-link"
                >
                  <span
                    class="rich-text body-1 undefined"
                  >
                    <div
                      class="flex flex-row body-1 flex-grow md:!flex !block align-top mt-4 ml-2"
                    >
                      <a
                        href=""
                        style="display: block;"
                        tabindex="-1"
                      >
                        <button
                          class="flex flex-row link-container link hover:!underline caremark !flex pt-0 pl-0"
                          style="max-width: max-content; height: auto; display: block;"
                          tabindex="0"
                        >
                          <p
                            class="link undefined"
                            style="display: block;"
                          >
                            Dental Health Library
                          </p>
                          <p
                            class="ml-1"
                            style="display: block;"
                          >
                            <img
                              alt="external"
                              data-nimg="1"
                              decoding="async"
                              height="40"
                              loading="lazy"
                              src="/_next/image?url=%2Fimg.jpg&w=96&q=75"
                              srcset="/_next/image?url=%2Fimg.jpg&w=48&q=75 1x, /_next/image?url=%2Fimg.jpg&w=96&q=75 2x"
                              style="color: transparent;"
                              width="40"
                            />
                          </p>
                        </button>
                      </a>
                    </div>
                  </span>
                </section>
              </div>
              <span
                style="display: block; width: 1px; min-width: 1px; height: 8px; min-height: 8px;"
              />
              <p
                class="body-1 body-1 ml-11"
              >
                Check dental symptoms and get your dental questions answered.
              </p>
            </div>
          </div>
        </section>
      </div>
    </main>
  </div>
</body>
`;
