// Jest Snapshot v1, https://goo.gl/fbAQLP

exports[`OnMyPlanComponent should render the UI correctly for more that one options 1`] = `
<div>
  <div
    class="flex flex-col flex flex-col"
  >
    <span
      style="display: block; width: 1px; min-width: 1px; height: 32px; min-height: 32px;"
    />
    <div
      class="flex flex-col flex flex-col"
    />
    <span
      style="display: block; width: 1px; min-width: 1px; height: 32px; min-height: 32px;"
    />
    <a
      aria-label="View Benefits & Coverage"
      style="display: block;"
    >
      <button
        class="flex flex-row link-container undefined"
        style="max-width: max-content; height: auto; display: block;"
        tabindex="-1"
        type="button"
      >
        <p
          class="link undefined"
        >
          View Benefits & Coverage
        </p>
      </button>
    </a>
  </div>
</div>
`;

exports[`OnMyPlanComponent should render the UI correctly for more that one options 2`] = `
<div>
  <div
    class="flex flex-col flex flex-col"
  >
    <span
      style="display: block; width: 1px; min-width: 1px; height: 32px; min-height: 32px;"
    />
    <div
      class="flex flex-col flex flex-col"
    />
    <span
      style="display: block; width: 1px; min-width: 1px; height: 32px; min-height: 32px;"
    />
    <a
      aria-label="View Benefits & Coverage"
      style="display: block;"
    >
      <button
        class="flex flex-row link-container undefined"
        style="max-width: max-content; height: auto; display: block;"
        tabindex="-1"
        type="button"
      >
        <p
          class="link undefined"
        >
          View Benefits & Coverage
        </p>
      </button>
    </a>
  </div>
</div>
`;
