// Jest Snapshot v1, https://goo.gl/fbAQLP

exports[`Pharmacy Claim SSO in My Plan Claims Page should render all the required components 1`] = `
{
  "asFragment": [Function],
  "baseElement": <body>
    <div>
      <section>
        <div
          class="card-main small-section"
        >
          <div
            class="flex flex-col flex flex-col"
          >
            <h1
              class="title-1 title-2 px-1"
            >
              Find More Details
            </h1>
            <span
              style="display: block; width: 1px; min-width: 1px; height: 16px; min-height: 16px;"
            />
            <p
              class="body-1 px-1"
              style="display: block;"
            >
              CVS Caremark is your pharmacy benefit manager. You can find more information about your pharmacy claim on Caremark.
            </p>
            <span
              style="display: block; width: 1px; min-width: 1px; height: 32px; min-height: 32px;"
            />
            <a
              aria-label="Go to Caremark"
              style="display: block;"
            >
              <button
                class="flex flex-row link-container undefined"
                style="max-width: max-content; height: auto; display: block;"
                tabindex="-1"
                type="button"
              >
                <p
                  class="link undefined"
                >
                  Go to Caremark
                </p>
                <p
                  class="ml-1"
                >
                  <img
                    alt="external"
                    data-nimg="1"
                    decoding="async"
                    height="40"
                    loading="lazy"
                    src="/_next/image?url=%2Fimg.jpg&w=96&q=75"
                    srcset="/_next/image?url=%2Fimg.jpg&w=48&q=75 1x, /_next/image?url=%2Fimg.jpg&w=96&q=75 2x"
                    style="color: transparent;"
                    width="40"
                  />
                </p>
              </button>
            </a>
          </div>
        </div>
      </section>
    </div>
  </body>,
  "container": <div>
    <section>
      <div
        class="card-main small-section"
      >
        <div
          class="flex flex-col flex flex-col"
        >
          <h1
            class="title-1 title-2 px-1"
          >
            Find More Details
          </h1>
          <span
            style="display: block; width: 1px; min-width: 1px; height: 16px; min-height: 16px;"
          />
          <p
            class="body-1 px-1"
            style="display: block;"
          >
            CVS Caremark is your pharmacy benefit manager. You can find more information about your pharmacy claim on Caremark.
          </p>
          <span
            style="display: block; width: 1px; min-width: 1px; height: 32px; min-height: 32px;"
          />
          <a
            aria-label="Go to Caremark"
            style="display: block;"
          >
            <button
              class="flex flex-row link-container undefined"
              style="max-width: max-content; height: auto; display: block;"
              tabindex="-1"
              type="button"
            >
              <p
                class="link undefined"
              >
                Go to Caremark
              </p>
              <p
                class="ml-1"
              >
                <img
                  alt="external"
                  data-nimg="1"
                  decoding="async"
                  height="40"
                  loading="lazy"
                  src="/_next/image?url=%2Fimg.jpg&w=96&q=75"
                  srcset="/_next/image?url=%2Fimg.jpg&w=48&q=75 1x, /_next/image?url=%2Fimg.jpg&w=96&q=75 2x"
                  style="color: transparent;"
                  width="40"
                />
              </p>
            </button>
          </a>
        </div>
      </div>
    </section>
  </div>,
  "debug": [Function],
  "findAllByAltText": [Function],
  "findAllByDisplayValue": [Function],
  "findAllByLabelText": [Function],
  "findAllByPlaceholderText": [Function],
  "findAllByRole": [Function],
  "findAllByTestId": [Function],
  "findAllByText": [Function],
  "findAllByTitle": [Function],
  "findByAltText": [Function],
  "findByDisplayValue": [Function],
  "findByLabelText": [Function],
  "findByPlaceholderText": [Function],
  "findByRole": [Function],
  "findByTestId": [Function],
  "findByText": [Function],
  "findByTitle": [Function],
  "getAllByAltText": [Function],
  "getAllByDisplayValue": [Function],
  "getAllByLabelText": [Function],
  "getAllByPlaceholderText": [Function],
  "getAllByRole": [Function],
  "getAllByTestId": [Function],
  "getAllByText": [Function],
  "getAllByTitle": [Function],
  "getByAltText": [Function],
  "getByDisplayValue": [Function],
  "getByLabelText": [Function],
  "getByPlaceholderText": [Function],
  "getByRole": [Function],
  "getByTestId": [Function],
  "getByText": [Function],
  "getByTitle": [Function],
  "queryAllByAltText": [Function],
  "queryAllByDisplayValue": [Function],
  "queryAllByLabelText": [Function],
  "queryAllByPlaceholderText": [Function],
  "queryAllByRole": [Function],
  "queryAllByTestId": [Function],
  "queryAllByText": [Function],
  "queryAllByTitle": [Function],
  "queryByAltText": [Function],
  "queryByDisplayValue": [Function],
  "queryByLabelText": [Function],
  "queryByPlaceholderText": [Function],
  "queryByRole": [Function],
  "queryByTestId": [Function],
  "queryByText": [Function],
  "queryByTitle": [Function],
  "rerender": [Function],
  "unmount": [Function],
}
`;
